2024-11-07 21:22:22,311 - root - INFO - Starting test application
2024-11-07 21:22:22,312 - root - INFO - Context created
2024-11-07 21:22:22,312 - root - INFO - Viewport created
2024-11-07 21:22:22,313 - root - INFO - DPG setup complete
2024-11-07 21:22:22,313 - root - INFO - Window created
2024-11-07 21:22:22,454 - root - INFO - Viewport shown
2024-11-07 21:24:49,547 - root - INFO - Test complete
